stm32l0xx_ll_rcc.h:1163:22:LL_RCC_MSI_Enable	8	static
stm32l0xx_ll_rcc.h:1183:26:LL_RCC_MSI_IsReady	8	static
stm32l0xx_ll_rcc.h:1201:22:LL_RCC_MSI_SetRange	16	static
stm32l0xx_ll_rcc.h:1242:22:LL_RCC_MSI_SetCalibTrimming	16	static
stm32l0xx_ll_rcc.h:1275:22:LL_RCC_SetSysClkSource	16	static
stm32l0xx_ll_rcc.h:1289:26:LL_RCC_GetSysClkSource	8	static
stm32l0xx_ll_rcc.h:1309:22:LL_RCC_SetAHBPrescaler	16	static
stm32l0xx_ll_rcc.h:1325:22:LL_RCC_SetAPB1Prescaler	16	static
stm32l0xx_ll_rcc.h:1341:22:LL_RCC_SetAPB2Prescaler	16	static
stm32l0xx_ll_rcc.h:1481:22:LL_RCC_SetUSARTClockSource	16	static
stm32l0xx_ll_bus.h:440:22:LL_APB1_GRP1_EnableClock	24	static
stm32l0xx_ll_bus.h:786:22:LL_APB2_GRP1_EnableClock	24	static
stm32l0xx_ll_system.h:912:22:LL_FLASH_SetLatency	16	static
stm32l0xx_ll_system.h:924:26:LL_FLASH_GetLatency	8	static
stm32l0xx_ll_pwr.h:272:22:LL_PWR_SetRegulVoltageScaling	16	static
stm32l0xx_ll_usart.h:2630:26:LL_USART_IsActiveFlag_TXE	16	static
stm32l0xx_ll_usart.h:3627:22:LL_USART_TransmitData8	16	static
main.c:68:5:_write	32	static
main.c:80:6:ultrason	8	static
main.c:112:6:buzzer	120	static
main.c:148:5:main	8	static
main.c:211:6:SystemClock_Config	8	static
main.c:252:6:Error_Handler	8	static,ignoring_inline_asm
